[mycookroom.ru/mywork/Elegant/1.1/Site/Image/index.html]
[backblue.gif]
[fade.gif]
[index.html]
[mycookroom.ru/mywork/Elegant/1.1/Site/Image/assets/bootstrap/css/bootstrap.min.css]
[mycookroom.ru/mywork/Elegant/1.1/Site/Image/assets/css/owl.theme.css]
[mycookroom.ru/mywork/Elegant/1.1/Site/Image/assets/css/owl.carousel.css]
[mycookroom.ru/mywork/Elegant/1.1/Site/Image/assets/css/magnific-popup.css]
[mycookroom.ru/mywork/Elegant/1.1/Site/Image/assets/css/simpletextrotator.css]
[mycookroom.ru/mywork/Elegant/1.1/Site/Image/assets/css/font-awesome.min.css]
[mycookroom.ru/mywork/Elegant/1.1/Site/Image/assets/css/animate.css]
[mycookroom.ru/mywork/Elegant/1.1/Site/Image/assets/css/style.css]
[mycookroom.ru/mywork/Elegant/1.1/Site/Image/components.html]
[mycookroom.ru/mywork/Elegant/1.1/Site/Image/assets/images/device.jpg]
[mycookroom.ru/mywork/Elegant/1.1/Site/Image/assets/images/p1.jpg]
[mycookroom.ru/mywork/Elegant/1.1/Site/Image/assets/images/p2.jpg]
[mycookroom.ru/mywork/Elegant/1.1/Site/Image/assets/images/p3.jpg]
[mycookroom.ru/mywork/Elegant/1.1/Site/Image/assets/images/p4.jpg]
[mycookroom.ru/mywork/Elegant/1.1/Site/Image/assets/images/p5.jpg]
[mycookroom.ru/mywork/Elegant/1.1/Site/Image/assets/images/p6.jpg]
[s3.amazonaws.com/uifaces/faces/twitter/soffes/128.jpg]
[s3.amazonaws.com/uifaces/faces/twitter/dannpetty/128.jpg]
[s3.amazonaws.com/uifaces/faces/twitter/walterstephanie/128.jpg]
[mycookroom.ru/mywork/Elegant/1.1/Site/Image/assets/images/member1-1.jpg]
[mycookroom.ru/mywork/Elegant/1.1/Site/Image/assets/images/member1-2.jpg]
[mycookroom.ru/mywork/Elegant/1.1/Site/Image/assets/images/member1-3.jpg]
[mycookroom.ru/mywork/Elegant/1.1/Site/Image/assets/images/member1-4.jpg]
[mycookroom.ru/mywork/Elegant/1.1/Site/Image/assets/images/logo/client100-1.png]
[mycookroom.ru/mywork/Elegant/1.1/Site/Image/assets/js/jquery-1.11.0.min.js]
[mycookroom.ru/mywork/Elegant/1.1/Site/Image/assets/bootstrap/js/bootstrap.min.js]
[mycookroom.ru/mywork/Elegant/1.1/Site/Image/assets/js/jquery.backstretch.min.js]
[mycookroom.ru/mywork/Elegant/1.1/Site/Image/assets/js/owl.carousel.min.js]
[mycookroom.ru/mywork/Elegant/1.1/Site/Image/assets/js/jquery.knob.min.js]
[mycookroom.ru/mywork/Elegant/1.1/Site/Image/assets/js/jquery.magnific-popup.min.js]
[mycookroom.ru/mywork/Elegant/1.1/Site/Image/assets/js/jquery.simple-text-rotator.min.js]
[mycookroom.ru/mywork/Elegant/1.1/Site/Image/assets/js/jquery.waypoints.js]
[mycookroom.ru/mywork/Elegant/1.1/Site/Image/assets/js/wow.min.js]
[mycookroom.ru/mywork/Elegant/1.1/Site/Image/assets/js/smoothscroll.js]
[mycookroom.ru/mywork/Elegant/1.1/Site/Image/assets/js/jquery.fitvids.js]
[mycookroom.ru/mywork/Elegant/1.1/Site/Image/assets/js/gmaps.js]
[mycookroom.ru/mywork/Elegant/1.1/Site/Image/assets/js/custom.js]
[mycookroom.ru/mywork/Elegant/1.1/Site/Image/index.html]
[mycookroom.ru/mywork/Elegant/1.1/Site/Image/assets/bootstrap/fonts/glyphicons-halflings-regular.eot]
[mycookroom.ru/mywork/Elegant/1.1/Site/Image/assets/bootstrap/fonts/glyphicons-halflings-regulard41d.eot]
[mycookroom.ru/mywork/Elegant/1.1/Site/Image/assets/bootstrap/fonts/glyphicons-halflings-regular.woff]
[mycookroom.ru/mywork/Elegant/1.1/Site/Image/assets/bootstrap/css/bootstrap.min.css]
[mycookroom.ru/mywork/Elegant/1.1/Site/Image/assets/bootstrap/fonts/glyphicons-halflings-regular.ttf]
[www.mycookroom.ru/mywork/Elegant/1.1/Site/Image/assets/css/AjaxLoader.2a.delayed]
[mycookroom.ru/mywork/Elegant/1.1/Site/Image/assets/css/owl.theme.css]
[mycookroom.ru/mywork/Elegant/1.1/Site/Image/assets/images/grabbing.png]
[mycookroom.ru/mywork/Elegant/1.1/Site/Image/assets/css/owl.carousel.css]
[mycookroom.ru/mywork/Elegant/1.1/Site/Image/assets/css/magnific-popup.css]
[mycookroom.ru/mywork/Elegant/1.1/Site/Image/assets/css/simpletextrotator.css]
[mycookroom.ru/mywork/Elegant/1.1/Site/Image/assets/fonts/fontawesome-webfont862f.eot]
[mycookroom.ru/mywork/Elegant/1.1/Site/Image/assets/fonts/fontawesome-webfontd41d.eot]
[mycookroom.ru/mywork/Elegant/1.1/Site/Image/assets/css/font-awesome.min.css]
[mycookroom.ru/mywork/Elegant/1.1/Site/Image/assets/css/animate.css]
[mycookroom.ru/mywork/Elegant/1.1/Site/Image/assets/images/bg1.jpg]
[mycookroom.ru/mywork/Elegant/1.1/Site/Image/assets/images/bg2.jpg]
[mycookroom.ru/mywork/Elegant/1.1/Site/Image/assets/fonts/fontawesome-webfont862f.woff]
[mycookroom.ru/mywork/Elegant/1.1/Site/Image/assets/fonts/fontawesome-webfont862f.ttf]
[mycookroom.ru/mywork/Elegant/1.1/Site/Image/assets/images/bg3.jpg]
[mycookroom.ru/mywork/Elegant/1.1/Site/Image/assets/images/preloader.gif]
[mycookroom.ru/mywork/Elegant/1.1/Site/Image/assets/css/style.css]
[mycookroom.ru/mywork/Elegant/1.1/Site/Image/index-2.html]
[mycookroom.ru/mywork/Elegant/1.1/Site/Image/components.html]
[mycookroom.ru/mywork/Elegant/1.1/Site/Image/assets/bootstrap/fonts/glyphicons-halflings-regular.svg]
[www.mycookroom.ru/mywork/Elegant/1.1/Site/Image/assets/css/AjaxLoader.html]
[mycookroom.ru/mywork/Elegant/1.1/Site/Image/assets/fonts/fontawesome-webfont862f.svg]
[mycookroom.ru/mywork/Elegant/1.1/Site/Image/index-2.html]
